cargo :    Compiling getrandom v0.3.4
En línea: 1 Carácter: 21
+ cd "d:\code\AIGEN"; cargo build --release 2>&1 | Tee-Object -FilePath ...
+                     ~~~~~~~~~~~~~~~~~~~~~~~~~~
    + CategoryInfo          : NotSpecified: (   Compiling getrandom v0.3.4:String) [], RemoteException
    + FullyQualifiedErrorId : NativeCommandError
 
   Compiling jobserver v0.1.34
   Compiling cc v1.2.48
   Compiling winapi v0.3.9
   Compiling pkg-config v0.3.32
   Compiling zstd-safe v7.2.4
   Compiling bytemuck_derive v1.10.2
   Compiling crossbeam-utils v0.8.21
   Compiling rayon-core v1.13.0
   Compiling ntapi v0.4.3
   Compiling windows-core v0.52.0
   Compiling ring v0.17.14
   Compiling zstd-sys v2.0.16+zstd.1.5.7
   Compiling blake3 v1.8.2
   Compiling crossbeam-epoch v0.9.18
   Compiling crossbeam-deque v0.8.6
   Compiling windows v0.52.0
   Compiling bytemuck v1.25.0
   Compiling rayon v1.11.0
   Compiling blockchain-core v0.1.0 (D:\code\AIGEN\blockchain-core)
   Compiling rustls v0.21.12
   Compiling snow v0.9.6
   Compiling dirs-sys v0.3.7
   Compiling dirs v4.0.0
   Compiling ipfs-api-prelude v0.6.0
   Compiling zstd v0.13.3
   Compiling sct v0.7.1
   Compiling rustls-webpki v0.101.7
   Compiling libp2p-noise v0.44.0
   Compiling tokio-rustls v0.24.1
   Compiling hyper-rustls v0.24.2
   Compiling reqwest v0.11.27
   Compiling libp2p v0.53.2
   Compiling ipfs-api-backend-hyper v0.6.0
   Compiling sysinfo v0.30.13
   Compiling model v0.1.0 (D:\code\AIGEN\model)
   Compiling aigen-scripts v0.1.0 (D:\code\AIGEN\scripts)
   Compiling consensus v0.1.0 (D:\code\AIGEN\consensus)
   Compiling network v0.1.0 (D:\code\AIGEN\network)
   Compiling distributed-compute v0.1.0 (D:\code\AIGEN\distributed-compute)
   Compiling node v0.1.0 (D:\code\AIGEN\node)
    Finished `release` profile [optimized] target(s) in 8m 42s
